manifest should match snapshot with TLS:
  1: |
    apiVersion: apps/v1
    kind: DaemonSet
    metadata:
      annotations:
        steadybit.com/extension-auto-discovery: "{\n  \"extensions\": [\n    {\n      \"port\": \"8085\",\n      \"types\": [\"ACTION\",\"DISCOVERY\"],\n      \"tls\": {\n        \"server\": {\n          \"extraCertsFile\": \"/opt/steadybit/agent/etc/extension-mtls/server-cert/tls.crt\"\n          }\n          \n      }\n    }\n  ]\n}\n"
      labels: null
      name: RELEASE-NAME-steadybit-extension-host
      namespace: NAMESPACE
    spec:
      selector:
        matchLabels:
          app.kubernetes.io/name: steadybit-extension-host
      template:
        metadata:
          labels:
            app.kubernetes.io/name: steadybit-extension-host
        spec:
          containers:
            - env:
                - name: STEADYBIT_LOG_LEVEL
                  value: INFO
                - name: STEADYBIT_LOG_FORMAT
                  value: text
                - name: STEADYBIT_EXTENSION_TLS_SERVER_CERT
                  value: /etc/extension/certificates/server-cert/tls.crt
                - name: STEADYBIT_EXTENSION_TLS_SERVER_KEY
                  value: /etc/extension/certificates/server-cert/tls.key
              image: ghcr.io/steadybit/extension-host:latest
              imagePullPolicy: Always
              livenessProbe:
                httpGet:
                  path: /health/liveness
                  port: 8081
              name: extension
              readinessProbe:
                httpGet:
                  path: /health/readiness
                  port: 8081
              resources:
                limits:
                  cpu: 200m
                  memory: 128Mi
                requests:
                  cpu: 50m
                  memory: 64Mi
              securityContext:
                capabilities:
                  add:
                    - SYS_BOOT
                    - NET_ADMIN
                    - NET_RAW
                    - KILL
                    - SYS_TIME
                    - AUDIT_WRITE
              volumeMounts:
                - mountPath: /etc/extension/certificates/server-cert
                  name: certificate-server-cert
                  readOnly: true
          dnsPolicy: ClusterFirstWithHostNet
          hostNetwork: true
          hostPID: true
          volumes:
            - name: certificate-server-cert
              secret:
                optional: false
                secretName: server-cert
manifest should match snapshot with mutual TLS:
  1: |
    apiVersion: apps/v1
    kind: DaemonSet
    metadata:
      annotations:
        steadybit.com/extension-auto-discovery: |
          {
            "extensions": [
              {
                "port": "8085",
                "types": ["ACTION","DISCOVERY"],
                "tls": {
                  "server": {
                    "extraCertsFile": "/opt/steadybit/agent/etc/extension-mtls/server-cert/tls.crt"
                    },
                    "client": {
                    "certChainFile": "/opt/steadybit/agent/etc/extension-mtls/client-cert-a/tls.crt",
                    "certKeyFile": "/opt/steadybit/agent/etc/extension-mtls/client-cert-a/tls.key"
                  }
                }
              }
            ]
          }
      labels: null
      name: RELEASE-NAME-steadybit-extension-host
      namespace: NAMESPACE
    spec:
      selector:
        matchLabels:
          app.kubernetes.io/name: steadybit-extension-host
      template:
        metadata:
          labels:
            app.kubernetes.io/name: steadybit-extension-host
        spec:
          containers:
            - env:
                - name: STEADYBIT_LOG_LEVEL
                  value: INFO
                - name: STEADYBIT_LOG_FORMAT
                  value: text
                - name: STEADYBIT_EXTENSION_TLS_SERVER_CERT
                  value: /etc/extension/certificates/server-cert/tls.crt
                - name: STEADYBIT_EXTENSION_TLS_SERVER_KEY
                  value: /etc/extension/certificates/server-cert/tls.key
                - name: STEADYBIT_EXTENSION_TLS_CLIENT_CAS
                  value: /etc/extension/certificates/client-cert-a/tls.crt,/etc/extension/certificates/client-cert-a/tls.crt
              image: ghcr.io/steadybit/extension-host:latest
              imagePullPolicy: Always
              livenessProbe:
                httpGet:
                  path: /health/liveness
                  port: 8081
              name: extension
              readinessProbe:
                httpGet:
                  path: /health/readiness
                  port: 8081
              resources:
                limits:
                  cpu: 200m
                  memory: 128Mi
                requests:
                  cpu: 50m
                  memory: 64Mi
              securityContext:
                capabilities:
                  add:
                    - SYS_BOOT
                    - NET_ADMIN
                    - NET_RAW
                    - KILL
                    - SYS_TIME
                    - AUDIT_WRITE
              volumeMounts:
                - mountPath: /etc/extension/certificates/client-cert-a
                  name: certificate-client-cert-a
                  readOnly: true
                - mountPath: /etc/extension/certificates/server-cert
                  name: certificate-server-cert
                  readOnly: true
          dnsPolicy: ClusterFirstWithHostNet
          hostNetwork: true
          hostPID: true
          volumes:
            - name: certificate-client-cert-a
              secret:
                optional: false
                secretName: client-cert-a
            - name: certificate-server-cert
              secret:
                optional: false
                secretName: server-cert
manifest should match snapshot without TLS:
  1: |
    apiVersion: apps/v1
    kind: DaemonSet
    metadata:
      annotations:
        steadybit.com/extension-auto-discovery: "{\n  \"extensions\": [\n    {\n      \"port\": \"8085\",\n      \"types\": [\"ACTION\",\"DISCOVERY\"],\n      \"tls\": {\n          \n      }\n    }\n  ]\n}\n"
      labels: null
      name: RELEASE-NAME-steadybit-extension-host
      namespace: NAMESPACE
    spec:
      selector:
        matchLabels:
          app.kubernetes.io/name: steadybit-extension-host
      template:
        metadata:
          labels:
            app.kubernetes.io/name: steadybit-extension-host
        spec:
          containers:
            - env:
                - name: STEADYBIT_LOG_LEVEL
                  value: INFO
                - name: STEADYBIT_LOG_FORMAT
                  value: text
              image: ghcr.io/steadybit/extension-host:latest
              imagePullPolicy: Always
              livenessProbe:
                httpGet:
                  path: /health/liveness
                  port: 8081
              name: extension
              readinessProbe:
                httpGet:
                  path: /health/readiness
                  port: 8081
              resources:
                limits:
                  cpu: 200m
                  memory: 128Mi
                requests:
                  cpu: 50m
                  memory: 64Mi
              securityContext:
                capabilities:
                  add:
                    - SYS_BOOT
                    - NET_ADMIN
                    - NET_RAW
                    - KILL
                    - SYS_TIME
                    - AUDIT_WRITE
              volumeMounts: null
          dnsPolicy: ClusterFirstWithHostNet
          hostNetwork: true
          hostPID: true
          volumes: null
